// Jest Snapshot v1, https://goo.gl/fbAQLP

exports[`<PostCard /> should match snapshot 1`] = `
<div
  class="post"
>
  <div
    class="post-content"
  >
    <img
      alt="title1"
      src="img/img.png"
    />
    <h1>
      title1
       (
      2
      )
    </h1>
    <p>
      body1
    </p>
    <div
      class="comments"
    >
      <p>
        <strong>
          coment√°rios: 
        </strong>
        0
         
      </p>
      <p>
        eita
      </p>
    </div>
  </div>
</div>
`;
